03:03:23 Hedefler: Ay Sazanı | F8: duraklat/devam | F9: durdur | kaydırma: True
03:03:28 TEST OS tıklama: (385, 560)
03:03:28 Halka seçildi: (392, 557). Balık adı okunuyor.
03:03:33 TEST OS tıklama: (596, 243)
03:03:33 Ay Sazanı doğrulandı; toplama başlatılıyor (1).
03:03:34 Ay Sazanı: toplama başladı. Beklenen süre 8.3 sn; ekran izleniyor.
03:03:44 Ay Sazanı: 8.43 sn ölçüldü. Döngü: 1.
03:03:47 TEST OS tıklama: (350, 315)
03:03:47 Halka seçildi: (348, 315). Balık adı okunuyor.
03:03:51 TEST OS tıklama: (595, 243)
03:03:51 Ay Sazanı doğrulandı; toplama başlatılıyor (2).
03:03:53 Ay Sazanı: toplama başladı. Beklenen süre 8.3 sn; ekran izleniyor.
03:04:03 Ay Sazanı: 8.47 sn ölçüldü. Döngü: 2.
03:04:06 TEST OS tıklama: (329, 370)
03:04:06 Halka seçildi: (328, 371). Balık adı okunuyor.
03:04:09 TEST OS tıklama: (596, 243)
03:04:09 Ay Sazanı doğrulandı; toplama başlatılıyor (3).
03:04:11 Ay Sazanı: toplama başladı. Beklenen süre 8.3 sn; ekran izleniyor.
03:04:21 Ay Sazanı: 8.96 sn ölçüldü. Döngü: 3.
03:04:21 Bitti. Toplama denemesi: 3 | tamamlanan döngü: 3 | kaydırma: 0
