02:59:55 Hedefler: Felionlu Çamça | F8: duraklat/devam | F9: durdur | kaydırma: True
02:59:57 Elle duraklatıldı. Devam: F8. Durdur: F9.
03:00:04 Oyun ekranı geri geldi; 3 saniye kararlı görüntü bekleniyor.
03:00:08 Ekran doğrulandı; devam ediliyor.
03:00:12 Balık son kontrolde yeniden bulunamadı; kara listeye alınmadan yeniden taranacak.
03:00:16 TEST OS tıklama: (401, 512)
03:00:16 Halka seçildi: (402, 511). Balık adı okunuyor.
03:00:25 Balık seçimi doğrulanamadı; yeni hedef aranıyor.
03:00:28 TEST OS tıklama: (422, 590)
03:00:28 Halka seçildi: (422, 591). Balık adı okunuyor.
03:00:32 TEST OS tıklama: (596, 243)
03:00:32 Felionlu Çamça doğrulandı; toplama başlatılıyor (1).
03:00:34 Felionlu Çamça: toplama başladı. Beklenen süre 8.2 sn; ekran izleniyor.
03:00:44 Felionlu Çamça: 7.87 sn ölçüldü. Döngü: 1.
03:00:50 Hedef hareket ediyor; yeni görüntüyle tekrar aranacak.
03:00:53 TEST OS tıklama: (327, 374)
03:00:53 Halka seçildi: (328, 373). Balık adı okunuyor.
03:01:02 Balık seçimi doğrulanamadı; yeni hedef aranıyor.
03:01:07 TEST OS tıklama: (510, 327)
03:01:07 Halka seçildi: (506, 305). Balık adı okunuyor.
03:01:11 TEST OS tıklama: (598, 240)
03:01:12 Felionlu Çamça doğrulandı; toplama başlatılıyor (2).
03:01:13 Felionlu Çamça: toplama başladı. Beklenen süre 8.2 sn; ekran izleniyor.
03:01:23 Felionlu Çamça: 8.06 sn ölçüldü. Döngü: 2.
03:01:26 TEST OS tıklama: (278, 343)
03:01:26 Halka seçildi: (276, 343). Balık adı okunuyor.
03:01:31 TEST OS tıklama: (597, 243)
03:01:31 Felionlu Çamça doğrulandı; toplama başlatılıyor (3).
03:01:32 Felionlu Çamça: toplama başladı. Beklenen süre 8.1 sn; ekran izleniyor.
03:01:42 Felionlu Çamça: 7.69 sn ölçüldü. Döngü: 3.
03:01:45 Balık son kontrolde yeniden bulunamadı; kara listeye alınmadan yeniden taranacak.
03:01:50 TEST OS tıklama: (374, 297)
03:01:50 Halka seçildi: (372, 307). Balık adı okunuyor.
03:01:58 Ekran yazısı zamanında okunamadı; tıklamadan yeniden kontrol edilecek.
03:02:02 TEST OS tıklama: (596, 242)
03:02:02 Felionlu Çamça doğrulandı; toplama başlatılıyor (4).
03:02:03 Felionlu Çamça: toplama başladı. Beklenen süre 8.1 sn; ekran izleniyor.
03:02:13 Felionlu Çamça: 8.12 sn ölçüldü. Döngü: 4.
03:02:13 Bitti. Toplama denemesi: 4 | tamamlanan döngü: 4 | kaydırma: 0
